[      98ms] [ERROR] Failed to load resource: the server responded with a status of 404 (Not Found) @ http://localhost:20128/_next/static/css/8f9ac5a7bd3a79e5.css:0
[      99ms] [ERROR] Failed to load resource: the server responded with a status of 404 (Not Found) @ http://localhost:20128/_next/static/css/f17824822c27f6d1.css:0
[     100ms] [ERROR] Failed to load resource: the server responded with a status of 404 (Not Found) @ http://localhost:20128/_next/static/media/e4af272ccee01ff0-s.p.woff2:0
[     113ms] [ERROR] Failed to load resource: the server responded with a status of 404 (Not Found) @ http://localhost:20128/_next/static/chunks/webpack-c64557fb52326ee3.js:0
[     116ms] [ERROR] Failed to load resource: the server responded with a status of 404 (Not Found) @ http://localhost:20128/_next/static/chunks/4bd1b696-e356ca5ba0218e27.js:0
[     116ms] [ERROR] Failed to load resource: the server responded with a status of 404 (Not Found) @ http://localhost:20128/_next/static/chunks/3794-e569667691edc8f7.js:0
[     118ms] [ERROR] Failed to load resource: the server responded with a status of 404 (Not Found) @ http://localhost:20128/_next/static/chunks/main-app-c6fb4e51221362f6.js:0
[     119ms] [ERROR] Failed to load resource: the server responded with a status of 404 (Not Found) @ http://localhost:20128/_next/static/chunks/5377-5bbecd53793f9f2f.js:0
[     119ms] [ERROR] Failed to load resource: the server responded with a status of 404 (Not Found) @ http://localhost:20128/_next/static/chunks/1321-1db1b677162f7658.js:0
[     121ms] [ERROR] Failed to load resource: the server responded with a status of 404 (Not Found) @ http://localhost:20128/_next/static/chunks/app/(dashboard)/layout-185e9fdf68e0b5fc.js:0
[     122ms] [ERROR] Failed to load resource: the server responded with a status of 404 (Not Found) @ http://localhost:20128/_next/static/chunks/5497-432e3d619b8bcfe1.js:0
[     122ms] [ERROR] Failed to load resource: the server responded with a status of 404 (Not Found) @ http://localhost:20128/_next/static/chunks/705-979ff3eb195b9023.js:0
[     123ms] [ERROR] Failed to load resource: the server responded with a status of 404 (Not Found) @ http://localhost:20128/_next/static/chunks/8982-6d1803817450bcd4.js:0
[     124ms] [ERROR] Failed to load resource: the server responded with a status of 404 (Not Found) @ http://localhost:20128/_next/static/chunks/app/layout-653564608eb49aa9.js:0
[     144ms] [ERROR] Failed to load resource: the server responded with a status of 404 (Not Found) @ http://localhost:20128/_next/static/chunks/app/login/page-d715f5997829738f.js:0
[     171ms] [ERROR] Failed to load resource: the server responded with a status of 404 (Not Found) @ http://localhost:20128/favicon.svg:0
[     173ms] [ERROR] Failed to load resource: the server responded with a status of 404 (Not Found) @ http://localhost:20128/icons/icon-192.svg:0
[     199ms] [WARNING] Error while trying to use the following icon from the Manifest: http://localhost:20128/icons/icon-192.svg (Download error or resource isn't a valid image) @ http://localhost:20128/login:0
[    3307ms] [WARNING] The resource https://www.googletagmanager.com/gtag/js?id=G-LC959F603F was preloaded using link preload but not used within a few seconds from the window's load event. Please make sure it has an appropriate `as` value and it is preloaded intentionally. @ http://localhost:20128/login:0
[    3307ms] [WARNING] The resource http://localhost:20128/_next/static/media/e4af272ccee01ff0-s.p.woff2 was preloaded using link preload but not used within a few seconds from the window's load event. Please make sure it has an appropriate `as` value and it is preloaded intentionally. @ http://localhost:20128/login:0
